INFO:     Started server process [153]
INFO:     Waiting for application startup.
{"event": "Scheduler started", "message": "Scheduler started", "level": "info", "timestamp": "2026-09-27T00:23:18.517870Z", "service": "Quant Foundry API", "environment": "test"}
{"event": "Added job \"SchedulerRuntime.dispatch_queued_runs\" to job store \"default\"", "message": "Added job \"%s\" to job store \"%s\"", "level": "info", "timestamp": "2026-09-27T00:23:18.517961Z", "service": "Quant Foundry API", "environment": "test"}
{"event": "Resumed scheduler job processing", "message": "Resumed scheduler job processing", "level": "info", "timestamp": "2026-09-27T00:23:18.518018Z", "service": "Quant Foundry API", "environment": "test"}
{"message": "\u8c03\u5ea6\u5668\u5df2\u542f\u52a8\uff1a\u68c0\u67e5 0 \u4e2a\u6d3b\u52a8\u4efb\u52a1\uff0c\u6807\u8bb0 0 \u4e2a\u539f\u8fd0\u884c\u4e2d\u65ad\uff0c\u8df3\u8fc7 0 \u4e2a\u65e7\u6570\u636e\u5e95\u5ea7\u7b49\u5f85\u8fd0\u884c\u3002", "active_tasks": 0, "interrupted_runs": 0, "retired_runs": 0, "max_workers": 4, "event": "scheduler_started", "level": "info", "timestamp": "2026-09-27T00:23:18.517194Z", "service": "Quant Foundry API", "environment": "test"}
{"message": "\u5e94\u7528\u5df2\u542f\u52a8\uff0c\u5f53\u524d\u6570\u636e\u63a5\u53e3\u548c\u5171\u4eab\u4e1a\u52a1\u670d\u52a1\u53ef\u6309\u5404\u81ea\u7ef4\u62a4\u72b6\u6001\u63d0\u4f9b\u3002", "event": "application_started", "level": "info", "timestamp": "2026-09-27T00:23:18.517251Z", "service": "Quant Foundry API", "environment": "test"}
{"event": "Application startup complete.", "message": "Application startup complete.", "level": "info", "timestamp": "2026-09-27T00:23:18.518154Z", "service": "Quant Foundry API", "environment": "test"}
{"event": "Uvicorn running on http://127.0.0.1:8000 (Press CTRL+C to quit)", "color_message": "Uvicorn running on \u001b[1m%s://%s:%d\u001b[0m (Press CTRL+C to quit)", "message": "Uvicorn running on %s://%s:%d (Press CTRL+C to quit)", "level": "info", "timestamp": "2026-09-27T00:23:18.518198Z", "service": "Quant Foundry API", "environment": "test"}
{"event": "Running job \"SchedulerRuntime.dispatch_queued_runs (trigger: interval[0:00:00.500000], next run at: 2026-09-27 00:23:19 UTC)\" (scheduled at 2026-09-27 00:23:19.017020+00:00)", "message": "Running job \"%s\" (scheduled at %s)", "level": "info", "timestamp": "2026-09-27T00:23:19.033923Z", "service": "Quant Foundry API", "environment": "test"}
{"event": "Job \"SchedulerRuntime.dispatch_queued_runs (trigger: interval[0:00:00.500000], next run at: 2026-09-27 00:23:19 UTC)\" executed successfully", "message": "Job \"%s\" executed successfully", "level": "info", "timestamp": "2026-09-27T00:23:19.075579Z", "service": "Quant Foundry API", "environment": "test"}
{"method": "GET", "path": "/readyz", "status_code": 200, "duration_ms": 64.921, "event": "request_completed", "message": "request_completed", "request_id": "0736daad-4edc-4caa-b372-e699777a2217", "level": "info", "timestamp": "2026-09-27T00:23:19.295869Z", "service": "Quant Foundry API", "environment": "test"}
{"event": "Running job \"SchedulerRuntime.dispatch_queued_runs (trigger: interval[0:00:00.500000], next run at: 2026-09-27 00:23:20 UTC)\" (scheduled at 2026-09-27 00:23:19.517020+00:00)", "message": "Running job \"%s\" (scheduled at %s)", "level": "info", "timestamp": "2026-09-27T00:23:19.519035Z", "service": "Quant Foundry API", "environment": "test"}
{"event": "Job \"SchedulerRuntime.dispatch_queued_runs (trigger: interval[0:00:00.500000], next run at: 2026-09-27 00:23:20 UTC)\" executed successfully", "message": "Job \"%s\" executed successfully", "level": "info", "timestamp": "2026-09-27T00:23:19.525242Z", "service": "Quant Foundry API", "environment": "test"}
{"event": "Running job \"SchedulerRuntime.dispatch_queued_runs (trigger: interval[0:00:00.500000], next run at: 2026-09-27 00:23:20 UTC)\" (scheduled at 2026-09-27 00:23:20.017020+00:00)", "message": "Running job \"%s\" (scheduled at %s)", "level": "info", "timestamp": "2026-09-27T00:23:20.018928Z", "service": "Quant Foundry API", "environment": "test"}
{"event": "Job \"SchedulerRuntime.dispatch_queued_runs (trigger: interval[0:00:00.500000], next run at: 2026-09-27 00:23:20 UTC)\" executed successfully", "message": "Job \"%s\" executed successfully", "level": "info", "timestamp": "2026-09-27T00:23:20.024886Z", "service": "Quant Foundry API", "environment": "test"}
{"method": "GET", "path": "/api/admin/data-store/datasets/fund.company.reported", "status_code": 200, "duration_ms": 15.106, "event": "request_completed", "message": "request_completed", "request_id": "9f10cee7-7749-4264-ad7f-49b6f649c581", "level": "info", "timestamp": "2026-09-27T00:23:20.154576Z", "service": "Quant Foundry API", "environment": "test"}
{"method": "POST", "path": "/api/admin/data-store/query", "status_code": 200, "duration_ms": 33.915, "event": "request_completed", "message": "request_completed", "request_id": "e0941c8f-822c-4b65-9eec-ccddbc32974c", "level": "info", "timestamp": "2026-09-27T00:23:20.323216Z", "service": "Quant Foundry API", "environment": "test"}
{"method": "POST", "path": "/api/admin/data-store/query", "status_code": 422, "duration_ms": 1.386, "event": "request_completed", "message": "request_completed", "request_id": "6900a130-8dc1-4703-b23d-d05ee5ea5196", "level": "warning", "timestamp": "2026-09-27T00:23:20.325614Z", "service": "Quant Foundry API", "environment": "test"}
{"event": "Running job \"SchedulerRuntime.dispatch_queued_runs (trigger: interval[0:00:00.500000], next run at: 2026-09-27 00:23:21 UTC)\" (scheduled at 2026-09-27 00:23:20.517020+00:00)", "message": "Running job \"%s\" (scheduled at %s)", "level": "info", "timestamp": "2026-09-27T00:23:20.524692Z", "service": "Quant Foundry API", "environment": "test"}
{"event": "Job \"SchedulerRuntime.dispatch_queued_runs (trigger: interval[0:00:00.500000], next run at: 2026-09-27 00:23:21 UTC)\" executed successfully", "message": "Job \"%s\" executed successfully", "level": "info", "timestamp": "2026-09-27T00:23:20.531009Z", "service": "Quant Foundry API", "environment": "test"}
{"event": "Shutting down", "message": "Shutting down", "level": "info", "timestamp": "2026-09-27T00:23:20.551741Z", "service": "Quant Foundry API", "environment": "test"}
{"event": "Waiting for application shutdown.", "message": "Waiting for application shutdown.", "level": "info", "timestamp": "2026-09-27T00:23:20.654077Z", "service": "Quant Foundry API", "environment": "test"}
{"message": "\u5e94\u7528\u6b63\u5728\u505c\u6b62\uff0c\u8c03\u5ea6\u5668\u548c\u6570\u636e\u5e93\u8fde\u63a5\u5c06\u4f9d\u6b21\u5173\u95ed\u3002", "event": "application_stopped", "level": "info", "timestamp": "2026-09-27T00:23:20.653226Z", "service": "Quant Foundry API", "environment": "test"}
{"event": "Scheduler has been shut down", "message": "Scheduler has been shut down", "level": "info", "timestamp": "2026-09-27T00:23:20.655849Z", "service": "Quant Foundry API", "environment": "test"}
{"message": "\u672c\u5b9e\u4f8b\u8c03\u5ea6\u5668\u5df2\u505c\u6b62\uff0c\u5f85\u6267\u884c\u4efb\u52a1\u5df2\u53d6\u6d88\u3002", "event": "scheduler_stopped", "level": "info", "timestamp": "2026-09-27T00:23:20.654981Z", "service": "Quant Foundry API", "environment": "test"}
